# serializer version: 1
# name: test_read_headers_snapshot
  dict({
    'a': None,
    'az': 152.67366,
    'b': 0.000538,
    'baz': 332.23754,
    'cmpaz': 0.0,
    'cmpinc': 0.0,
    'delta': 0.05,
    'depmax': 4836434.0,
    'depmen': -48617.32324,
    'depmin': -4431611.0,
    'dist': 8603.325124,
    'e': 2873.200581,
    'evdp': 22.9,
    'evel': None,
    'evla': -36.122002,
    'evlo': -72.898003,
    'f': None,
    'gcarc': 77.638354,
    'ibody': None,
    'idep': 'unkn',
    'ievreg': None,
    'ievtyp': 'unkn',
    'iftype': 'time',
    'iinst': None,
    'imagsrc': None,
    'imagtyp': None,
    'iqual': None,
    'istreg': None,
    'isynth': None,
    'iztype': 'unkn',
    'ka': None,
    'kcmpnm': 'BHZ',
    'kdatrd': None,
    'kevnm': '-12345  -12345',
    'kf': None,
    'khole': '00',
    'kinst': 'Geotech',
    'knetwk': 'IU',
    'ko': None,
    'kstnm': 'ANMO',
    'kt0': None,
    'kt1': None,
    'kt2': None,
    'kt3': None,
    'kt4': None,
    'kt5': None,
    'kt6': None,
    'kt7': None,
    'kt8': None,
    'kt9': None,
    'kuser0': None,
    'kuser1': None,
    'kuser2': None,
    'kzdate': '2010-02-27',
    'kztime': '06:44:06.069',
    'lcalda': True,
    'leven': True,
    'lovrok': True,
    'lpspol': None,
    'mag': None,
    'nevid': None,
    'norid': None,
    'npts': 57465,
    'nvhdr': 6,
    'nwfid': None,
    'nxsize': None,
    'nysize': None,
    'nzhour': 6,
    'nzjday': 58,
    'nzmin': 44,
    'nzmsec': 69,
    'nzsec': 6,
    'nzyear': 2010,
    'o': -594.539001,
    'odelta': None,
    'resp0': None,
    'resp1': None,
    'resp2': None,
    'resp3': None,
    'resp4': None,
    'resp5': None,
    'resp6': None,
    'resp7': None,
    'resp8': None,
    'resp9': None,
    'stdp': 145.0,
    'stel': 1671.0,
    'stla': 34.94598,
    'stlo': -106.45713,
    't0': None,
    't1': None,
    't2': None,
    't3': None,
    't4': None,
    't5': None,
    't6': None,
    't7': None,
    't8': None,
    't9': None,
    'user0': None,
    'user1': None,
    'user2': None,
    'user3': None,
    'user4': None,
    'user5': None,
    'user6': None,
    'user7': None,
    'user8': None,
    'user9': None,
    'xmaximum': None,
    'xminimum': None,
    'ymaximum': None,
    'yminimum': None,
  })
# ---
