# serializer version: 1
# name: TestSnapshot.test_full_pipeline_matches_snapshot[geocsv_seismogram]
  array([-6.3772e-06, -6.3759e-06, -6.3766e-06, ..., -6.3613e-06,
         -6.3640e-06, -6.3708e-06], shape=(57465,))
# ---
# name: TestSnapshot.test_full_pipeline_matches_snapshot[mini_seismogram]
  array([-6.3772e-06, -6.3759e-06, -6.3766e-06, ..., -6.3613e-06,
         -6.3640e-06, -6.3708e-06], shape=(57465,))
# ---
# name: TestSnapshot.test_full_pipeline_matches_snapshot[sac_seismogram]
  array([-6.3772e-06, -6.3759e-06, -6.3766e-06, ..., -6.3613e-06,
         -6.3640e-06, -6.3708e-06], shape=(57465,))
# ---
